1271-0326-5	HLA-A	HLA	IMGT/HLA	3.17.0	HLA-A*01:01:01:01+HLA-A*02:01:01:01
1271-0326-5	HLA-B	HLA	IMGT/HLA	3.17.0	HLA-B*27:05:02+HLA-B*57:01:01
1271-0326-5	HLA-C	HLA	IMGT/HLA	3.17.0	HLA-C*02:02:02:01+HLA-C*06:02:01:01
1271-0326-5	HLA-DQB1	HLA	IMGT/HLA	3.17.0	HLA-DQB1*05:01:01:02+HLA-DQB1*06:03:01
1271-0326-5	HLA-DRB1	HLA	IMGT/HLA	3.17.0	HLA-DRB1*01:01:01+HLA-DRB1*13:01:01
1271-0356-2	HLA-A	HLA	IMGT/HLA	3.17.0	HLA-A*02:01:01:01+HLA-A*25:01:01
1271-0356-2	HLA-B	HLA	IMGT/HLA	3.17.0	HLA-B*07:02:01+HLA-B*44:02:01:01
1271-0356-2	HLA-C	HLA	IMGT/HLA	3.17.0	HLA-C*05:01:01:02+HLA-C*07:02:01:01
1271-0356-2	HLA-DQB1	HLA	IMGT/HLA	3.17.0	HLA-DQB1*03:01:01:01+HLA-DQB1*06:02:01
1271-0356-2	HLA-DRB1	HLA	IMGT/HLA	3.17.0	HLA-DRB1*04:01:01+HLA-DRB1*15:03:01:01
1271-0358-8	HLA-A	HLA	IMGT/HLA	3.17.0	HLA-A*01:01:01:01+HLA-A*29:02:01:01
1271-0358-8	HLA-B	HLA	IMGT/HLA	3.17.0	HLA-B*08:01:01+HLA-B*18:01:01:02
1271-0358-8	HLA-C	HLA	IMGT/HLA	3.17.0	HLA-C*07:01:01:01+HLA-C*12:03:01:01
1271-0358-8	HLA-DQB1	HLA	IMGT/HLA	3.17.0	HLA-DQB1*02:01:01+HLA-DQB1*06:02:01
1271-0358-8	HLA-DRB1	HLA	IMGT/HLA	3.17.0	HLA-DRB1*03:01:01:01+HLA-DRB1*15:01:01
1279-3632-6	HLA-A	HLA	IMGT/HLA	3.17.0	HLA-A*02:01:01:01+HLA-A*24:02:01:01
1279-3632-6	HLA-B	HLA	IMGT/HLA	3.17.0	HLA-B*18:01:01:02+HLA-B*39:06:02
1279-3632-6	HLA-C	HLA	IMGT/HLA	3.17.0	HLA-C*07:01:01:01+HLA-C*07:02:01:01
1279-3632-6	HLA-DQB1	HLA	IMGT/HLA	3.17.0	HLA-DQB1*03:01:01:01+HLA-DQB1*03:02:01
1279-3632-6	HLA-DRB1	HLA	IMGT/HLA	3.17.0	HLA-DRB1*04:03:01+HLA-DRB1*14:06:01
1283-8323-9	HLA-A	HLA	IMGT/HLA	3.17.0	HLA-A*02:01:01:01+HLA-A*02:01:01:01
1283-8323-9	HLA-B	HLA	IMGT/HLA	3.17.0	HLA-B*15:01:01:01+HLA-B*35:17:01
1283-8323-9	HLA-C	HLA	IMGT/HLA	3.17.0	HLA-C*03:03:01+HLA-C*04:01:01:01
1283-8323-9	HLA-DQB1	HLA	IMGT/HLA	3.17.0	HLA-DQB1*04:02:01+HLA-DQB1*06:03:01
1283-8323-9	HLA-DRB1	HLA	IMGT/HLA	3.17.0	HLA-DRB1*08:02:01+HLA-DRB1*13:01:01
1446-8391-9	HLA-A	HLA	IMGT/HLA	3.17.0	HLA-A*01:01:01:01+HLA-A*03:01:01:01
1446-8391-9	HLA-B	HLA	IMGT/HLA	3.17.0	HLA-B*07:02:01+HLA-B*08:01:01
1446-8391-9	HLA-C	HLA	IMGT/HLA	3.17.0	HLA-C*07:01:01:01+HLA-C*07:02:01:03
1446-8391-9	HLA-DQB1	HLA	IMGT/HLA	3.17.0	HLA-DQB1*02:01:01+HLA-DQB1*03:01:01
1446-8391-9	HLA-DRB1	HLA	IMGT/HLA	3.17.0	HLA-DRB1*01:03+HLA-DRB1*03:01:01:01
1446-8393-5	HLA-A	HLA	IMGT/HLA	3.17.0	HLA-A*02:01:01:01+HLA-A*34:02:01
1446-8393-5	HLA-B	HLA	IMGT/HLA	3.17.0	HLA-B*14:01:01+HLA-B*57:01:01
1446-8393-5	HLA-C	HLA	IMGT/HLA	3.17.0	HLA-C*06:02:01:01+HLA-C*08:02:01:02
1446-8393-5	HLA-DQB1	HLA	IMGT/HLA	3.17.0	HLA-DQB1*03:02:01+HLA-DQB1*03:03:02:01
1446-8393-5	HLA-DRB1	HLA	IMGT/HLA	3.17.0	HLA-DRB1*04:05:01+HLA-DRB1*07:01:01
1446-8397-6	HLA-A	HLA	IMGT/HLA	3.17.0	HLA-A*01:01:01:01+HLA-A*02:01:01:01
1446-8397-6	HLA-B	HLA	IMGT/HLA	3.17.0	HLA-B*37:01:01+HLA-B*42:01:01
1446-8397-6	HLA-C	HLA	IMGT/HLA	3.17.0	HLA-C*06:02:01:01+HLA-C*17:01:01:02
1446-8397-6	HLA-DQB1	HLA	IMGT/HLA	3.17.0	HLA-DQB1*05:01:01:02+HLA-DQB1*06:02:01
1446-8397-6	HLA-DRB1	HLA	IMGT/HLA	3.17.0	HLA-DRB1*13:02:01+HLA-DRB1*15:01:01:01
1446-8901-5	HLA-A	HLA	IMGT/HLA	3.17.0	HLA-A*11:01:01+HLA-A*24:02:01:01
1446-8901-5	HLA-B	HLA	IMGT/HLA	3.17.0	HLA-B*51:01:01+HLA-B*52:01:01:02
1446-8901-5	HLA-C	HLA	IMGT/HLA	3.17.0	HLA-C*12:02:02+HLA-C*14:02:01
1446-8901-5	HLA-DQB1	HLA	IMGT/HLA	3.17.0	HLA-DQB1*03:01:01:01+HLA-DQB1*06:01:01
1446-8901-5	HLA-DRB1	HLA	IMGT/HLA	3.17.0	HLA-DRB1*12:02:01+HLA-DRB1*15:02:01
1447-8113-5	HLA-A	HLA	IMGT/HLA	3.17.0	HLA-A*03:01:01:01+HLA-A*32:01:01
1447-8113-5	HLA-B	HLA	IMGT/HLA	3.17.0	HLA-B*14:01:01+HLA-B*38:01:01
1447-8113-5	HLA-C	HLA	IMGT/HLA	3.17.0	HLA-C*08:02:01:02+HLA-C*12:03:01:01
1447-8113-5	HLA-DQB1	HLA	IMGT/HLA	3.17.0	HLA-DQB1*02:02:01+HLA-DQB1*06:03:01
1447-8113-5	HLA-DRB1	HLA	IMGT/HLA	3.17.0	HLA-DRB1*07:01:01+HLA-DRB1*13:01:01
1447-8116-8	HLA-A	HLA	IMGT/HLA	3.17.0	HLA-A*02:11:01+HLA-A*29:02:01:01
1447-8116-8	HLA-B	HLA	IMGT/HLA	3.17.0	HLA-B*40:06:01:02+HLA-B*58:01:01
1447-8116-8	HLA-C	HLA	IMGT/HLA	3.17.0	HLA-C*07:18+HLA-C*15:02:01
1447-8117-6	HLA-A	HLA	IMGT/HLA	3.17.0	HLA-A*02:05:01+HLA-A*32:01:01
1447-8117-6	HLA-B	HLA	IMGT/HLA	3.17.0	HLA-B*35:02:01+HLA-B*44:03:01
1447-8117-6	HLA-C	HLA	IMGT/HLA	3.17.0	HLA-C*04:01:01:01+HLA-C*04:01:01:01
1447-8117-6	HLA-DQB1	HLA	IMGT/HLA	3.17.0	HLA-DQB1*02:02:01+HLA-DQB1*03:01:01
1447-8117-6	HLA-DRB1	HLA	IMGT/HLA	3.17.0	HLA-DRB1*07:01:01+HLA-DRB1*11:04:01
1456-2689-1	HLA-A	HLA	IMGT/HLA	3.17.0	HLA-A*02:01:01:01+HLA-A*33:01:01
1456-2689-1	HLA-C	HLA	IMGT/HLA	3.17.0	HLA-C*07:04:01+HLA-C*08:02:01:01
1456-2689-1	HLA-DQB1	HLA	IMGT/HLA	3.17.0	HLA-DQB1*03:01:01+HLA-DQB1*05:01:01:01
1456-2689-1	HLA-DRB1	HLA	IMGT/HLA	3.17.0	HLA-DRB1*01:02:01+HLA-DRB1*11:01:01
1456-4032-2	HLA-A	HLA	IMGT/HLA	3.17.0	HLA-A*11:01:01+HLA-A*24:25
1456-4032-2	HLA-B	HLA	IMGT/HLA	3.17.0	HLA-B*07:02:01+HLA-B*48:01:01
1456-4032-2	HLA-C	HLA	IMGT/HLA	3.17.0	HLA-C*07:02:01:03+HLA-C*08:01:01
1456-4032-2	HLA-DQB1	HLA	IMGT/HLA	3.17.0	HLA-DQB1*03:02:01+HLA-DQB1*05:01:01:02
1456-4032-2	HLA-DRB1	HLA	IMGT/HLA	3.17.0	HLA-DRB1*01:03+HLA-DRB1*04:04:01
1456-4054-6	HLA-A	HLA	IMGT/HLA	3.17.0	HLA-A*24:02:01:01+HLA-A*24:02:01:01
1456-4054-6	HLA-B	HLA	IMGT/HLA	3.17.0	HLA-B*39:06:02+HLA-B*40:02:01
1456-4054-6	HLA-C	HLA	IMGT/HLA	3.17.0	HLA-C*03:06+HLA-C*07:02:01:01
1456-4054-6	HLA-DQB1	HLA	IMGT/HLA	3.17.0	HLA-DQB1*03:01:01:01+HLA-DQB1*03:01:01:01
1456-4054-6	HLA-DRB1	HLA	IMGT/HLA	3.17.0	HLA-DRB1*04:01:01+HLA-DRB1*14:06:01
1457-6283-7	HLA-A	HLA	IMGT/HLA	3.17.0	HLA-A*01:01:01:01+HLA-A*26:01:01
1457-6283-7	HLA-B	HLA	IMGT/HLA	3.17.0	HLA-B*27:05:02+HLA-B*55:01:01
1457-6283-7	HLA-C	HLA	IMGT/HLA	3.17.0	HLA-C*02:02:02:01+HLA-C*03:03:01
1457-6283-7	HLA-DRB1	HLA	IMGT/HLA	3.17.0	HLA-DRB1*07:01:01+HLA-DRB1*15:01:01
1457-7054-1	HLA-A	HLA	IMGT/HLA	3.17.0	HLA-A*24:02:01:01+HLA-A*30:02:01
1457-7054-1	HLA-B	HLA	IMGT/HLA	3.17.0	HLA-B*35:12:01+HLA-B*50:01:01
1457-7054-1	HLA-DQB1	HLA	IMGT/HLA	3.17.0	HLA-DQB1*03:19+HLA-DQB1*04:02:01
1457-7054-1	HLA-DRB1	HLA	IMGT/HLA	3.17.0	HLA-DRB1*08:02:01+HLA-DRB1*11:01:02
1457-9243-8	HLA-A	HLA	IMGT/HLA	3.17.0	HLA-A*01:01:01:01+HLA-A*02:01:01:01
1457-9243-8	HLA-B	HLA	IMGT/HLA	3.17.0	HLA-B*07:02:01+HLA-B*08:01:01
1457-9243-8	HLA-C	HLA	IMGT/HLA	3.17.0	HLA-C*07:01:01:01+HLA-C*07:02:01:03
1457-9243-8	HLA-DQB1	HLA	IMGT/HLA	3.17.0	HLA-DQB1*02:01:01+HLA-DQB1*06:02:01
1457-9243-8	HLA-DRB1	HLA	IMGT/HLA	3.17.0	HLA-DRB1*03:01:01:01+HLA-DRB1*15:01:01:01
1458-3326-5	HLA-A	HLA	IMGT/HLA	3.17.0	HLA-A*02:01:01:01+HLA-A*02:01:01:01
1458-3326-5	HLA-B	HLA	IMGT/HLA	3.17.0	HLA-B*35:17:01+HLA-B*51:01:01
1458-3326-5	HLA-C	HLA	IMGT/HLA	3.17.0	HLA-C*04:01:01:01+HLA-C*16:01:01
1458-3326-5	HLA-DQB1	HLA	IMGT/HLA	3.17.0	HLA-DQB1*02:01:01+HLA-DQB1*03:01:01:01
1458-3326-5	HLA-DRB1	HLA	IMGT/HLA	3.17.0	HLA-DRB1*03:01:01+HLA-DRB1*16:02:01
1458-3327-3	HLA-A	HLA	IMGT/HLA	3.17.0	HLA-A*11:01:01+HLA-A*24:02:01:01
1458-3327-3	HLA-B	HLA	IMGT/HLA	3.17.0	HLA-B*15:01:01:01+HLA-B*51:01:01
1458-3327-3	HLA-C	HLA	IMGT/HLA	3.17.0	HLA-C*03:03:01+HLA-C*15:02:01
1458-3327-3	HLA-DQB1	HLA	IMGT/HLA	3.17.0	HLA-DQB1*06:02:01+HLA-DQB1*06:03:01
1458-3327-3	HLA-DRB1	HLA	IMGT/HLA	3.17.0	HLA-DRB1*13:01:01+HLA-DRB1*15:01:01:01
1459-2659-8	HLA-A	HLA	IMGT/HLA	3.17.0	HLA-A*30:01:01+HLA-A*68:02:01:01
1459-2659-8	HLA-B	HLA	IMGT/HLA	3.17.0	HLA-B*42:01:01+HLA-B*53:01:01
1459-2659-8	HLA-C	HLA	IMGT/HLA	3.17.0	HLA-C*04:01:01:01+HLA-C*17:01:01:02
1459-2659-8	HLA-DQB1	HLA	IMGT/HLA	3.17.0	HLA-DQB1*04:02:01+HLA-DQB1*06:02:01
1459-2659-8	HLA-DRB1	HLA	IMGT/HLA	3.17.0	HLA-DRB1*03:02:01+HLA-DRB1*11:01:02
1459-3187-9	HLA-A	HLA	IMGT/HLA	3.17.0	HLA-A*02:01:01:01+HLA-A*33:01:01
1459-3187-9	HLA-B	HLA	IMGT/HLA	3.17.0	HLA-B*51:01:01+HLA-B*78:01:01
1459-3187-9	HLA-C	HLA	IMGT/HLA	3.17.0	HLA-C*03:04:01:01+HLA-C*16:01:01
1459-3187-9	HLA-DQB1	HLA	IMGT/HLA	3.17.0	HLA-DQB1*03:01:01+HLA-DQB1*03:19
1459-3187-9	HLA-DRB1	HLA	IMGT/HLA	3.17.0	HLA-DRB1*11:01:02+HLA-DRB1*12:01:01G
1459-3204-2	HLA-A	HLA	IMGT/HLA	3.17.0	HLA-A*24:02:01:01+HLA-A*66:02
1459-3204-2	HLA-B	HLA	IMGT/HLA	3.17.0	HLA-B*15:10:01+HLA-B*35:01:01:02
1459-3204-2	HLA-C	HLA	IMGT/HLA	3.17.0	HLA-C*03:04:02+HLA-C*07:02:01:03
1459-3204-2	HLA-DQB1	HLA	IMGT/HLA	3.17.0	HLA-DQB1*05:01:01:02+HLA-DQB1*06:04:01
1459-3204-2	HLA-DRB1	HLA	IMGT/HLA	3.17.0	HLA-DRB1*01:01:01+HLA-DRB1*13:02:01
1459-3331-3	HLA-A	HLA	IMGT/HLA	3.17.0	HLA-A*03:01:01:01+HLA-A*30:01:01
1459-3331-3	HLA-B	HLA	IMGT/HLA	3.17.0	HLA-B*07:02:01+HLA-B*13:02:01
1459-3331-3	HLA-C	HLA	IMGT/HLA	3.17.0	HLA-C*06:02:01:01+HLA-C*07:02:01:03
1459-3331-3	HLA-DQB1	HLA	IMGT/HLA	3.17.0	HLA-DQB1*02:02:01+HLA-DQB1*03:01:01
1459-3331-3	HLA-DRB1	HLA	IMGT/HLA	3.17.0	HLA-DRB1*01:03+HLA-DRB1*07:01:01
1459-3339-6	HLA-A	HLA	IMGT/HLA	3.17.0	HLA-A*02:01:01:01+HLA-A*30:01:01
1459-3339-6	HLA-B	HLA	IMGT/HLA	3.17.0	HLA-B*13:02:01+HLA-B*40:01:02
1459-3339-6	HLA-C	HLA	IMGT/HLA	3.17.0	HLA-C*03:04:01:01+HLA-C*06:02:01:01
1459-3339-6	HLA-DQB1	HLA	IMGT/HLA	3.17.0	HLA-DQB1*03:02:01+HLA-DQB1*06:04:01
1459-3339-6	HLA-DRB1	HLA	IMGT/HLA	3.17.0	HLA-DRB1*04:05:01+HLA-DRB1*13:02:01
1462-3719-3	HLA-A	HLA	IMGT/HLA	3.17.0	HLA-A*02:01:01:01+HLA-A*02:01:01:01
1462-3719-3	HLA-B	HLA	IMGT/HLA	3.17.0	HLA-B*07:02:01+HLA-B*44:02:01:01
1462-3719-3	HLA-C	HLA	IMGT/HLA	3.17.0	HLA-C*05:01:01:02+HLA-C*07:02:01:01
1462-3719-3	HLA-DRB1	HLA	IMGT/HLA	3.17.0	HLA-DRB1*07:01:01+HLA-DRB1*13:01:01
1462-3737-5	HLA-A	HLA	IMGT/HLA	3.17.0	HLA-A*29:01:01:01+HLA-A*32:01:01
1462-3737-5	HLA-B	HLA	IMGT/HLA	3.17.0	HLA-B*07:02:01+HLA-B*48:05
1462-3737-5	HLA-C	HLA	IMGT/HLA	3.17.0	HLA-C*07:02:01:01+HLA-C*15:05:02
1462-3737-5	HLA-DQB1	HLA	IMGT/HLA	3.17.0	HLA-DQB1*05:03:01+HLA-DQB1*06:09:01
1462-3737-5	HLA-DRB1	HLA	IMGT/HLA	3.17.0	HLA-DRB1*13:02:01+HLA-DRB1*14:01:02
1462-3753-2	HLA-A	HLA	IMGT/HLA	3.17.0	HLA-A*24:02:01:01+HLA-A*25:01:01
1462-3753-2	HLA-C	HLA	IMGT/HLA	3.17.0	HLA-C*03:05+HLA-C*12:03:01:01
1462-3753-2	HLA-DQB1	HLA	IMGT/HLA	3.17.0	HLA-DQB1*03:02:01+HLA-DQB1*06:02:01
1462-3753-2	HLA-DRB1	HLA	IMGT/HLA	3.17.0	HLA-DRB1*04:07:01G+HLA-DRB1*15:01:01
1462-3760-7	HLA-A	HLA	IMGT/HLA	3.17.0	HLA-A*01:01:01:01+HLA-A*02:01:01:01
1462-3760-7	HLA-B	HLA	IMGT/HLA	3.17.0	HLA-B*15:01:01:01+HLA-B*44:02:01:01
1462-3760-7	HLA-C	HLA	IMGT/HLA	3.17.0	HLA-C*03:04:01:01+HLA-C*05:01:01:02
1462-3760-7	HLA-DQB1	HLA	IMGT/HLA	3.17.0	HLA-DQB1*02:01:01+HLA-DQB1*03:01:01:01
1462-3760-7	HLA-DRB1	HLA	IMGT/HLA	3.17.0	HLA-DRB1*03:01:01+HLA-DRB1*04:01:01
1462-3851-4	HLA-A	HLA	IMGT/HLA	3.17.0	HLA-A*02:02+HLA-A*11:01:01
1462-3851-4	HLA-B	HLA	IMGT/HLA	3.17.0	HLA-B*44:02:01:03+HLA-B*58:01:01
1462-3851-4	HLA-C	HLA	IMGT/HLA	3.17.0	HLA-C*02:10+HLA-C*07:04:01
1462-3851-4	HLA-DQB1	HLA	IMGT/HLA	3.17.0	HLA-DQB1*03:19+HLA-DQB1*05:01:01:02
1462-3851-4	HLA-DRB1	HLA	IMGT/HLA	3.17.0	HLA-DRB1*01:01:01+HLA-DRB1*13:04
1462-3852-2	HLA-A	HLA	IMGT/HLA	3.17.0	HLA-A*31:01:02+HLA-A*32:01:01
1462-3852-2	HLA-B	HLA	IMGT/HLA	3.17.0	HLA-B*35:03:01+HLA-B*49:01:01
1462-3852-2	HLA-C	HLA	IMGT/HLA	3.17.0	HLA-C*07:01:01:01+HLA-C*12:03:01:01
1462-3852-2	HLA-DQB1	HLA	IMGT/HLA	3.17.0	HLA-DQB1*06+HLA-DQB1*06
1462-3852-2	HLA-DRB1	HLA	IMGT/HLA	3.17.0	HLA-DRB1*13:01:01+HLA-DRB1*13:02:01
1462-3947-0	HLA-A	HLA	IMGT/HLA	3.17.0	HLA-A*01:01:01:01+HLA-A*03:01:01:01
1462-3947-0	HLA-B	HLA	IMGT/HLA	3.17.0	HLA-B*07:02:01+HLA-B*57:01:01
1462-3947-0	HLA-C	HLA	IMGT/HLA	3.17.0	HLA-C*06:02:01:01+HLA-C*07:02:01:03
1462-3947-0	HLA-DQB1	HLA	IMGT/HLA	3.17.0	HLA-DQB1*03:03:02:01+HLA-DQB1*06:02:01
1462-3947-0	HLA-DRB1	HLA	IMGT/HLA	3.17.0	HLA-DRB1*07:01:01+HLA-DRB1*15:01:01
1462-4022-1	HLA-A	HLA	IMGT/HLA	3.17.0	HLA-A*23:01:01+HLA-A*68:01:02:02
1462-4022-1	HLA-B	HLA	IMGT/HLA	3.17.0	HLA-B*14:02:01+HLA-B*53:01:01
1462-4022-1	HLA-C	HLA	IMGT/HLA	3.17.0	HLA-C*04:01:01:01+HLA-C*08:02:01:01
1462-4022-1	HLA-DQB1	HLA	IMGT/HLA	3.17.0	HLA-DQB1*02:02:01+HLA-DQB1*06:09:01
1462-4022-1	HLA-DRB1	HLA	IMGT/HLA	3.17.0	HLA-DRB1*13:02:01+HLA-DRB1*13:03:01
1462-4044-5	HLA-A	HLA	IMGT/HLA	3.17.0	HLA-A*11:01:01+HLA-A*30:01:01
1462-4044-5	HLA-B	HLA	IMGT/HLA	3.17.0	HLA-B*13:02:01+HLA-B*37:01:01
1462-4044-5	HLA-C	HLA	IMGT/HLA	3.17.0	HLA-C*06:02:01:01+HLA-C*06:02:01:01
1462-4044-5	HLA-DQB1	HLA	IMGT/HLA	3.17.0	HLA-DQB1*02:02:01+HLA-DQB1*05:01:01:02
1462-4044-5	HLA-DRB1	HLA	IMGT/HLA	3.17.0	HLA-DRB1*07:01:01+HLA-DRB1*10:01:01
1462-4072-6	HLA-A	HLA	IMGT/HLA	3.17.0	HLA-A*03:01:01:01+HLA-A*30:02:01
1462-4072-6	HLA-B	HLA	IMGT/HLA	3.17.0	HLA-B*07:02:01+HLA-B*57:02:01
1462-4072-6	HLA-C	HLA	IMGT/HLA	3.17.0	HLA-C*15:05:02+HLA-C*18:02
1462-4072-6	HLA-DQB1	HLA	IMGT/HLA	3.17.0	HLA-DQB1*03:01:04+HLA-DQB1*04:02:01
1462-4072-6	HLA-DRB1	HLA	IMGT/HLA	3.17.0	HLA-DRB1*03:02:01+HLA-DRB1*08:04:01
1462-4078-3	HLA-A	HLA	IMGT/HLA	3.17.0	HLA-A*02:01:01:01+HLA-A*33:03:01
1462-4078-3	HLA-B	HLA	IMGT/HLA	3.17.0	HLA-B*15:220+HLA-B*51:01:01
1462-4078-3	HLA-C	HLA	IMGT/HLA	3.17.0	HLA-C*04:01:01:01+HLA-C*16:01:01
1462-4078-3	HLA-DQB1	HLA	IMGT/HLA	3.17.0	HLA-DQB1*05:03:01+HLA-DQB1*06:03:01
1462-4078-3	HLA-DRB1	HLA	IMGT/HLA	3.17.0	HLA-DRB1*13:01:01+HLA-DRB1*14:54:01
1465-8106-1	HLA-A	HLA	IMGT/HLA	3.17.0	HLA-A*01:01:01:01+HLA-A*02:01:01:01
1465-8106-1	HLA-B	HLA	IMGT/HLA	3.17.0	HLA-B*08:01:01+HLA-B*35:01:01:02
1465-8106-1	HLA-C	HLA	IMGT/HLA	3.17.0	HLA-C*04:01:01:01+HLA-C*07:01:01:01
1465-8106-1	HLA-DQB1	HLA	IMGT/HLA	3.17.0	HLA-DQB1*02:02:01+HLA-DQB1*05:01:01:02
1465-8106-1	HLA-DRB1	HLA	IMGT/HLA	3.17.0	HLA-DRB1*01:01:01+HLA-DRB1*09:01:02G
1465-8107-9	HLA-A	HLA	IMGT/HLA	3.17.0	HLA-A*11:01:01+HLA-A*31:01:02
1465-8107-9	HLA-B	HLA	IMGT/HLA	3.17.0	HLA-B*35:01:01:02+HLA-B*49:01:01
1465-8107-9	HLA-C	HLA	IMGT/HLA	3.17.0	HLA-C*04:01:01:01+HLA-C*07:01:01:01
1465-8107-9	HLA-DQB1	HLA	IMGT/HLA	3.17.0	HLA-DQB1*03:01:01:01+HLA-DQB1*05:01:01:02
1465-8107-9	HLA-DRB1	HLA	IMGT/HLA	3.17.0	HLA-DRB1*01:01:01+HLA-DRB1*12:01:01G
1465-8227-5	HLA-A	HLA	IMGT/HLA	3.17.0	HLA-A*30:02:01+HLA-A*30:02:01
1465-8227-5	HLA-B	HLA	IMGT/HLA	3.17.0	HLA-B*15:10:01+HLA-B*57:03:01
1465-8227-5	HLA-C	HLA	IMGT/HLA	3.17.0	HLA-C*03:04:02+HLA-C*08:02:01:01
1465-8227-5	HLA-DQB1	HLA	IMGT/HLA	3.17.0	HLA-DQB1*02:01:01+HLA-DQB1*06:09:01
1465-8227-5	HLA-DRB1	HLA	IMGT/HLA	3.17.0	HLA-DRB1*03:01:01+HLA-DRB1*13:01:01
1465-8267-1	HLA-A	HLA	IMGT/HLA	3.17.0	HLA-A*23:01:01+HLA-A*34:02:01
1465-8267-1	HLA-B	HLA	IMGT/HLA	3.17.0	HLA-B*15:16:01+HLA-B*44:03:01
1465-8267-1	HLA-C	HLA	IMGT/HLA	3.17.0	HLA-C*04:01:01:01+HLA-C*16:01:01
1465-8267-1	HLA-DQB1	HLA	IMGT/HLA	3.17.0	HLA-DQB1*05:01:01:01+HLA-DQB1*06:02:01
1465-8267-1	HLA-DRB1	HLA	IMGT/HLA	3.17.0	HLA-DRB1*01:02:01+HLA-DRB1*15:03:01:01
1465-9013-8	HLA-A	HLA	IMGT/HLA	3.17.0	HLA-A*03:01:01:01+HLA-A*34:02:01
1465-9013-8	HLA-B	HLA	IMGT/HLA	3.17.0	HLA-B*35:01:01:02+HLA-B*44:03:01
1465-9013-8	HLA-C	HLA	IMGT/HLA	3.17.0	HLA-C*04:01:01:01+HLA-C*04:01:01:01
1465-9013-8	HLA-DQB1	HLA	IMGT/HLA	3.17.0	HLA-DQB1*06:02:01+HLA-DQB1*06:02:01
1465-9013-8	HLA-DRB1	HLA	IMGT/HLA	3.17.0	HLA-DRB1*15:03:01:01+HLA-DRB1*15:03:01
1465-9017-9	HLA-A	HLA	IMGT/HLA	3.17.0	HLA-A*02:02+HLA-A*68:02:01:01
1465-9017-9	HLA-B	HLA	IMGT/HLA	3.17.0	HLA-B*15:03:01+HLA-B*53:01:01
1465-9017-9	HLA-C	HLA	IMGT/HLA	3.17.0	HLA-C*02:10+HLA-C*04:01:01:01
1465-9017-9	HLA-DQB1	HLA	IMGT/HLA	3.17.0	HLA-DQB1*03:01:01+HLA-DQB1*03:19
1465-9017-9	HLA-DRB1	HLA	IMGT/HLA	3.17.0	HLA-DRB1*11:01:02+HLA-DRB1*13:03:01
1469-4101-8	HLA-A	HLA	IMGT/HLA	3.17.0	HLA-A*02:01:01:01+HLA-A*24:10:01
1469-4101-8	HLA-B	HLA	IMGT/HLA	3.17.0	HLA-B*38:02:01+HLA-B*39:01:01:03
1469-4101-8	HLA-C	HLA	IMGT/HLA	3.17.0	HLA-C*07:02:01:01+HLA-C*07:02:01:01
1469-4101-8	HLA-DQB1	HLA	IMGT/HLA	3.17.0	HLA-DQB1*03:03:02+HLA-DQB1*05:02:01
1469-4101-8	HLA-DRB1	HLA	IMGT/HLA	3.17.0	HLA-DRB1*09:01:02G+HLA-DRB1*15:02:01
1469-4117-4	HLA-A	HLA	IMGT/HLA	3.17.0	HLA-A*01:01:01:01+HLA-A*02:01:01:01
1469-4117-4	HLA-B	HLA	IMGT/HLA	3.17.0	HLA-B*08:01:01+HLA-B*40:01:02
1469-4117-4	HLA-C	HLA	IMGT/HLA	3.17.0	HLA-C*03:04:01:01+HLA-C*07:01:01:01
1469-4117-4	HLA-DQB1	HLA	IMGT/HLA	3.17.0	HLA-DQB1*03:02:01+HLA-DQB1*06:02:01
1469-4117-4	HLA-DRB1	HLA	IMGT/HLA	3.17.0	HLA-DRB1*04:01:01+HLA-DRB1*15:01:01:01
1469-4155-4	HLA-A	HLA	IMGT/HLA	3.17.0	HLA-A*03:01:01:01+HLA-A*11:01:01
1469-4155-4	HLA-B	HLA	IMGT/HLA	3.17.0	HLA-B*44:03:01+HLA-B*56:01:01
1469-4155-4	HLA-C	HLA	IMGT/HLA	3.17.0	HLA-C*01:02:01+HLA-C*04:01:01:01
1469-4155-4	HLA-DQB1	HLA	IMGT/HLA	3.17.0	HLA-DQB1*02:02:01+HLA-DQB1*05:01:01:02
1469-4155-4	HLA-DRB1	HLA	IMGT/HLA	3.17.0	HLA-DRB1*01:01:01+HLA-DRB1*07:01:01
1469-4165-3	HLA-A	HLA	IMGT/HLA	3.17.0	HLA-A*01:01:01:01+HLA-A*01:01:01:01
1469-4165-3	HLA-B	HLA	IMGT/HLA	3.17.0	HLA-B*08:01:01+HLA-B*27:12
1469-4165-3	HLA-C	HLA	IMGT/HLA	3.17.0	HLA-C*02:02:02:01+HLA-C*07:01:01:01
1469-4165-3	HLA-DQB1	HLA	IMGT/HLA	3.17.0	HLA-DQB1*02:01:01+HLA-DQB1*02:01:01
1469-4165-3	HLA-DRB1	HLA	IMGT/HLA	3.17.0	HLA-DRB1*03:01:01:01+HLA-DRB1*03:01:01
1469-5063-9	HLA-A	HLA	IMGT/HLA	3.17.0	HLA-A*03:01:01:01+HLA-A*29:02:01:01
1469-5063-9	HLA-B	HLA	IMGT/HLA	3.17.0	HLA-B*44:03:01+HLA-B*51:01:01
1469-5063-9	HLA-C	HLA	IMGT/HLA	3.17.0	HLA-C*14:02:01+HLA-C*16:01:01
1469-5063-9	HLA-DQB1	HLA	IMGT/HLA	3.17.0	HLA-DQB1*03:01:01:01+HLA-DQB1*03:03:02
1469-5063-9	HLA-DRB1	HLA	IMGT/HLA	3.17.0	HLA-DRB1*09:01:02G+HLA-DRB1*12:01:01G
1470-8880-1	HLA-A	HLA	IMGT/HLA	3.17.0	HLA-A*32:01:01+HLA-A*33:01:01
1470-8880-1	HLA-C	HLA	IMGT/HLA	3.17.0	HLA-C*08:02:01:01+HLA-C*08:13
1470-8880-1	HLA-DQB1	HLA	IMGT/HLA	3.17.0	HLA-DQB1*05:01:01:01+HLA-DQB1*05:01:01:02
1470-8880-1	HLA-DRB1	HLA	IMGT/HLA	3.17.0	HLA-DRB1*01:02:01+HLA-DRB1*12:01:01G
1471-0095-2	HLA-A	HLA	IMGT/HLA	3.17.0	HLA-A*02:01:01:01+HLA-A*02:01:01:01
1471-0095-2	HLA-B	HLA	IMGT/HLA	3.17.0	HLA-B*35:12:01+HLA-B*51:01:01
1471-0095-2	HLA-C	HLA	IMGT/HLA	3.17.0	HLA-C*04:01:01:01+HLA-C*16:02:01
1471-0095-2	HLA-DQB1	HLA	IMGT/HLA	3.17.0	HLA-DQB1*03:02:01+HLA-DQB1*03:19
1471-0095-2	HLA-DRB1	HLA	IMGT/HLA	3.17.0	HLA-DRB1*04:07:01G+HLA-DRB1*11:02:01
1472-0088-5	HLA-A	HLA	IMGT/HLA	3.17.0	HLA-A*01:01:01:01+HLA-A*25:01:01
1472-0088-5	HLA-B	HLA	IMGT/HLA	3.17.0	HLA-B*08:01:01+HLA-B*18:01:01:02
1472-0088-5	HLA-C	HLA	IMGT/HLA	3.17.0	HLA-C*07:01:01:01+HLA-C*12:03:01:01
1472-0088-5	HLA-DQB1	HLA	IMGT/HLA	3.17.0	HLA-DQB1*02:01:01+HLA-DQB1*03:02:01
1472-0088-5	HLA-DRB1	HLA	IMGT/HLA	3.17.0	HLA-DRB1*03:01:01:01+HLA-DRB1*04:01:01
1474-6389-7	HLA-A	HLA	IMGT/HLA	3.17.0	HLA-A*02:01:01:01+HLA-A*02:03:01
1474-6389-7	HLA-C	HLA	IMGT/HLA	3.17.0	HLA-C*07:02:01:01+HLA-C*12:03:01:01
1474-6389-7	HLA-DQB1	HLA	IMGT/HLA	3.17.0	HLA-DQB1*05:02:01+HLA-DQB1*06:01:01
1474-6389-7	HLA-DRB1	HLA	IMGT/HLA	3.17.0	HLA-DRB1*08:03:02+HLA-DRB1*15:01:01
1475-1608-2	HLA-A	HLA	IMGT/HLA	3.17.0	HLA-A*11:01:01+HLA-A*24:02:01:01
1475-1608-2	HLA-C	HLA	IMGT/HLA	3.17.0	HLA-C*04:82+HLA-C*07:02:01:01
1475-1608-2	HLA-DQB1	HLA	IMGT/HLA	3.17.0	HLA-DQB1*03:02:01+HLA-DQB1*05:02:01
1475-1608-2	HLA-DRB1	HLA	IMGT/HLA	3.17.0	HLA-DRB1*04:03:01+HLA-DRB1*15:02:01
1475-1622-3	HLA-A	HLA	IMGT/HLA	3.17.0	HLA-A*02:01:01:01+HLA-A*03:01:01:01
1475-1622-3	HLA-B	HLA	IMGT/HLA	3.17.0	HLA-B*35:03:01+HLA-B*44:02:01:01
1475-1622-3	HLA-C	HLA	IMGT/HLA	3.17.0	HLA-C*04:01:01:01+HLA-C*05:01:01:02
1475-1622-3	HLA-DQB1	HLA	IMGT/HLA	3.17.0	HLA-DQB1*03:03:02:01+HLA-DQB1*06:02:01
1475-1622-3	HLA-DRB1	HLA	IMGT/HLA	3.17.0	HLA-DRB1*07:01:01+HLA-DRB1*15:01:01:01
1475-1623-1	HLA-A	HLA	IMGT/HLA	3.17.0	HLA-A*01:01:01:01+HLA-A*01:01:01:01
1475-1623-1	HLA-B	HLA	IMGT/HLA	3.17.0	HLA-B*08:01:01+HLA-B*08:01:01
1475-1623-1	HLA-C	HLA	IMGT/HLA	3.17.0	HLA-C*07:01:01:01+HLA-C*07:01:01:01
1475-1623-1	HLA-DQB1	HLA	IMGT/HLA	3.17.0	HLA-DQB1*03:02:01+HLA-DQB1*04:02:01
1475-1623-1	HLA-DRB1	HLA	IMGT/HLA	3.17.0	HLA-DRB1*04:04:01+HLA-DRB1*08:01:03
1475-5604-7	HLA-A	HLA	IMGT/HLA	3.17.0	HLA-A*02:01:01:01+HLA-A*23:01:01
1475-5604-7	HLA-B	HLA	IMGT/HLA	3.17.0	HLA-B*35:17:01+HLA-B*44:03:01
1475-5604-7	HLA-C	HLA	IMGT/HLA	3.17.0	HLA-C*04:01:01:01+HLA-C*04:01:01:01
1475-5604-7	HLA-DQB1	HLA	IMGT/HLA	3.17.0	HLA-DQB1*02:02:01+HLA-DQB1*04:02:01
1475-5604-7	HLA-DRB1	HLA	IMGT/HLA	3.17.0	HLA-DRB1*07:01:01+HLA-DRB1*08:02:01
1475-5692-2	HLA-A	HLA	IMGT/HLA	3.17.0	HLA-A*02:05:01+HLA-A*03:02:01
1475-5692-2	HLA-B	HLA	IMGT/HLA	3.17.0	HLA-B*07:02:01+HLA-B*40:01:02
1475-5692-2	HLA-C	HLA	IMGT/HLA	3.17.0	HLA-C*07:02:01:03+HLA-C*14:02:01
1475-5692-2	HLA-DQB1	HLA	IMGT/HLA	3.17.0	HLA-DQB1*02:02:01+HLA-DQB1*03:01:01
1475-5692-2	HLA-DRB1	HLA	IMGT/HLA	3.17.0	HLA-DRB1*07:01:01+HLA-DRB1*11:01:01
1475-6102-1	HLA-A	HLA	IMGT/HLA	3.17.0	HLA-A*11:01:01+HLA-A*68:01:02:02
1475-6102-1	HLA-B	HLA	IMGT/HLA	3.17.0	HLA-B*15:18:01+HLA-B*44:03:01
1475-6102-1	HLA-C	HLA	IMGT/HLA	3.17.0	HLA-C*07:04:01+HLA-C*14:03
1475-6102-1	HLA-DQB1	HLA	IMGT/HLA	3.17.0	HLA-DQB1*03:02:01+HLA-DQB1*06:09:01
1475-6102-1	HLA-DRB1	HLA	IMGT/HLA	3.17.0	HLA-DRB1*04:05:01+HLA-DRB1*13:02:01
1475-6104-7	HLA-A	HLA	IMGT/HLA	3.17.0	HLA-A*01:01:01:01+HLA-A*24:02:01:01
1475-6104-7	HLA-B	HLA	IMGT/HLA	3.17.0	HLA-B*08:01:01+HLA-B*51:01:01
1475-6104-7	HLA-C	HLA	IMGT/HLA	3.17.0	HLA-C*07:01:01:01+HLA-C*15:02:01
1475-6104-7	HLA-DQB1	HLA	IMGT/HLA	3.17.0	HLA-DQB1*03:01:01:01+HLA-DQB1*06:02:01
1475-6104-7	HLA-DRB1	HLA	IMGT/HLA	3.17.0	HLA-DRB1*12:01:01G+HLA-DRB1*15:01:01
1475-6132-8	HLA-A	HLA	IMGT/HLA	3.17.0	HLA-A*02:01:01:01+HLA-A*02:01:01:01
1475-6132-8	HLA-C	HLA	IMGT/HLA	3.17.0	HLA-C*07:02:01:01+HLA-C*07:02:01:01
1475-6132-8	HLA-DQB1	HLA	IMGT/HLA	3.17.0	HLA-DQB1*03:01:01:01+HLA-DQB1*04:02:01
1475-6132-8	HLA-DRB1	HLA	IMGT/HLA	3.17.0	HLA-DRB1*08:02:01+HLA-DRB1*14:06:01
1476-5416-4	HLA-A	HLA	IMGT/HLA	3.17.0	HLA-A*01:01:01:01+HLA-A*02:01:01:01
1476-5416-4	HLA-B	HLA	IMGT/HLA	3.17.0	HLA-B*44:02:01:01+HLA-B*51:01:01
1476-5416-4	HLA-C	HLA	IMGT/HLA	3.17.0	HLA-C*14:02:01+HLA-C*16:04:01
1476-5416-4	HLA-DQB1	HLA	IMGT/HLA	3.17.0	HLA-DQB1*03:01:01:01+HLA-DQB1*06:02:01
1476-5416-4	HLA-DRB1	HLA	IMGT/HLA	3.17.0	HLA-DRB1*04:07:01G+HLA-DRB1*15:01:01
1476-5707-6	HLA-A	HLA	IMGT/HLA	3.17.0	HLA-A*01:01:01:01+HLA-A*02:01:01:01
1476-5707-6	HLA-B	HLA	IMGT/HLA	3.17.0	HLA-B*08:01:01+HLA-B*18:01:01:02
1476-5707-6	HLA-C	HLA	IMGT/HLA	3.17.0	HLA-C*07:01:01:01+HLA-C*07:01:01:01
1476-5707-6	HLA-DQB1	HLA	IMGT/HLA	3.17.0	HLA-DQB1*02:01:01+HLA-DQB1*03:02:01
1476-5707-6	HLA-DRB1	HLA	IMGT/HLA	3.17.0	HLA-DRB1*03:01:01:01+HLA-DRB1*04:03:01
1476-5888-4	HLA-A	HLA	IMGT/HLA	3.17.0	HLA-A*02:01:01:01+HLA-A*36:01
1476-5888-4	HLA-B	HLA	IMGT/HLA	3.17.0	HLA-B*07:02:01+HLA-B*53:01:01
1476-5888-4	HLA-C	HLA	IMGT/HLA	3.17.0	HLA-C*04:01:01:01+HLA-C*16:01:01
1476-5888-4	HLA-DQB1	HLA	IMGT/HLA	3.17.0	HLA-DQB1*03:19+HLA-DQB1*06:02:01
1476-5888-4	HLA-DRB1	HLA	IMGT/HLA	3.17.0	HLA-DRB1*11:01:02+HLA-DRB1*11:02:01
1476-5959-3	HLA-A	HLA	IMGT/HLA	3.17.0	HLA-A*02:02+HLA-A*03:01:01:01
1476-5959-3	HLA-B	HLA	IMGT/HLA	3.17.0	HLA-B*15:03:01+HLA-B*35:03:01
1476-5959-3	HLA-C	HLA	IMGT/HLA	3.17.0	HLA-C*02:10+HLA-C*04:01:01:01
1476-5959-3	HLA-DQB1	HLA	IMGT/HLA	3.17.0	HLA-DQB1*03:19+HLA-DQB1*06:02:01
1476-5959-3	HLA-DRB1	HLA	IMGT/HLA	3.17.0	HLA-DRB1*11:01:02+HLA-DRB1*15:01:01:01
1477-3185-5	HLA-A	HLA	IMGT/HLA	3.17.0	HLA-A*02:06:01+HLA-A*32:01:01
1477-3185-5	HLA-B	HLA	IMGT/HLA	3.17.0	HLA-B*35:08:01+HLA-B*48:01:01
1477-3185-5	HLA-C	HLA	IMGT/HLA	3.17.0	HLA-C*08:01:01+HLA-C*15:04
1477-3185-5	HLA-DQB1	HLA	IMGT/HLA	3.17.0	HLA-DQB1*03:01:01+HLA-DQB1*04:02:01
1477-3185-5	HLA-DRB1	HLA	IMGT/HLA	3.17.0	HLA-DRB1*08:02:01+HLA-DRB1*11:03
1477-3333-1	HLA-A	HLA	IMGT/HLA	3.17.0	HLA-A*01:01:01:01+HLA-A*02:01:01:01
1477-3333-1	HLA-B	HLA	IMGT/HLA	3.17.0	HLA-B*15:01:01:01+HLA-B*57:03:01
1477-3333-1	HLA-C	HLA	IMGT/HLA	3.17.0	HLA-C*03:04:01:01+HLA-C*07:01:01:01
1477-3333-1	HLA-DQB1	HLA	IMGT/HLA	3.17.0	HLA-DQB1*02:02:01+HLA-DQB1*03:02:01
1477-3333-1	HLA-DRB1	HLA	IMGT/HLA	3.17.0	HLA-DRB1*04:01:01+HLA-DRB1*09:01:02G
1477-3421-4	HLA-A	HLA	IMGT/HLA	3.17.0	HLA-A*33:03:01+HLA-A*36:01
1477-3421-4	HLA-B	HLA	IMGT/HLA	3.17.0	HLA-B*53:01:01+HLA-B*53:01:10
1477-3421-4	HLA-C	HLA	IMGT/HLA	3.17.0	HLA-C*04:01:01:01+HLA-C*04:01:01:01
1477-3421-4	HLA-DQB1	HLA	IMGT/HLA	3.17.0	HLA-DQB1*02:02:01+HLA-DQB1*03:19
1477-3421-4	HLA-DRB1	HLA	IMGT/HLA	3.17.0	HLA-DRB1*08:04:01+HLA-DRB1*09:01:02G
1477-3456-0	HLA-A	HLA	IMGT/HLA	3.17.0	HLA-A*30:02:01+HLA-A*36:01
1477-3456-0	HLA-B	HLA	IMGT/HLA	3.17.0	HLA-B*35:01:01:02+HLA-B*42:01:01
1477-3456-0	HLA-C	HLA	IMGT/HLA	3.17.0	HLA-C*07:18+HLA-C*17:01:01:02
1477-3456-0	HLA-DQB1	HLA	IMGT/HLA	3.17.0	HLA-DQB1*02:02:01+HLA-DQB1*05:01:01:02
1477-3456-0	HLA-DRB1	HLA	IMGT/HLA	3.17.0	HLA-DRB1*09:01:02G+HLA-DRB1*10:01:01
1477-3898-3	HLA-A	HLA	IMGT/HLA	3.17.0	HLA-A*29:02:01:02+HLA-A*32:01:01
1477-3898-3	HLA-B	HLA	IMGT/HLA	3.17.0	HLA-B*15:03:01+HLA-B*58:01:01
1477-3898-3	HLA-C	HLA	IMGT/HLA	3.17.0	HLA-C*04:01:01:01+HLA-C*07:18
1477-3898-3	HLA-DQB1	HLA	IMGT/HLA	3.17.0	HLA-DQB1*06:02:01+HLA-DQB1*06:03:01
1477-3898-3	HLA-DRB1	HLA	IMGT/HLA	3.17.0	HLA-DRB1*13:01:01+HLA-DRB1*15:03:01
1477-7661-1	HLA-A	HLA	IMGT/HLA	3.17.0	HLA-A*02:01:01:01+HLA-A*29:02:01:01
1477-7661-1	HLA-B	HLA	IMGT/HLA	3.17.0	HLA-B*35:03:01+HLA-B*44:03:01
1477-7661-1	HLA-C	HLA	IMGT/HLA	3.17.0	HLA-C*04:01:01:01+HLA-C*16:01:01
1477-7661-1	HLA-DQB1	HLA	IMGT/HLA	3.17.0	HLA-DQB1*02:02:01+HLA-DQB1*03:01:01:01
1477-7661-1	HLA-DRB1	HLA	IMGT/HLA	3.17.0	HLA-DRB1*04:01:01+HLA-DRB1*07:01:01
1478-0417-3	HLA-A	HLA	IMGT/HLA	3.17.0	HLA-A*03:01:01:01+HLA-A*31:01:02
1478-0417-3	HLA-B	HLA	IMGT/HLA	3.17.0	HLA-B*07:02:01+HLA-B*40:01:02
1478-0417-3	HLA-C	HLA	IMGT/HLA	3.17.0	HLA-C*03:04:01:01+HLA-C*07:02:01:03
1478-0417-3	HLA-DQB1	HLA	IMGT/HLA	3.17.0	HLA-DQB1*03:02:01+HLA-DQB1*06:02:01
1478-0417-3	HLA-DRB1	HLA	IMGT/HLA	3.17.0	HLA-DRB1*04:04:01+HLA-DRB1*15:01:01:01
1478-3732-2	HLA-A	HLA	IMGT/HLA	3.17.0	HLA-A*02:01:01:01+HLA-A*02:01:01:01
1478-3732-2	HLA-B	HLA	IMGT/HLA	3.17.0	HLA-B*44:03:01+HLA-B*51:01:01
1478-3732-2	HLA-C	HLA	IMGT/HLA	3.17.0	HLA-C*14:02:01+HLA-C*16:01:01
1478-3732-2	HLA-DQB1	HLA	IMGT/HLA	3.17.0	HLA-DQB1*02:02:01+HLA-DQB1*02:02:01
1478-3732-2	HLA-DRB1	HLA	IMGT/HLA	3.17.0	HLA-DRB1*07:01:01+HLA-DRB1*07:01:01
1478-4040-9	HLA-A	HLA	IMGT/HLA	3.17.0	HLA-A*03:01:01:01+HLA-A*33:03:01
1478-4040-9	HLA-B	HLA	IMGT/HLA	3.17.0	HLA-B*07:02:01+HLA-B*58:01:01
1478-4040-9	HLA-C	HLA	IMGT/HLA	3.17.0	HLA-C*03:02:02:01+HLA-C*07:02:01:03
1478-4040-9	HLA-DQB1	HLA	IMGT/HLA	3.17.0	HLA-DQB1*02:01:01+HLA-DQB1*05:01:01:02
1478-4040-9	HLA-DRB1	HLA	IMGT/HLA	3.17.0	HLA-DRB1*03:01:01+HLA-DRB1*10:01:01
1478-4041-7	HLA-A	HLA	IMGT/HLA	3.17.0	HLA-A*02:01:01:01+HLA-A*11:01:01
1478-4041-7	HLA-B	HLA	IMGT/HLA	3.17.0	HLA-B*40:01:02+HLA-B*55:02:01
1478-4041-7	HLA-C	HLA	IMGT/HLA	3.17.0	HLA-C*03:03:01+HLA-C*04:01:01:01
1478-4041-7	HLA-DQB1	HLA	IMGT/HLA	3.17.0	HLA-DQB1*05:02:01+HLA-DQB1*06:01:01
1478-4041-7	HLA-DRB1	HLA	IMGT/HLA	3.17.0	HLA-DRB1*08:03:02+HLA-DRB1*14:54:01
1478-4316-3	HLA-A	HLA	IMGT/HLA	3.17.0	HLA-A*24:02:01:01+HLA-A*24:02:01:01
1478-4316-3	HLA-B	HLA	IMGT/HLA	3.17.0	HLA-B*15:25:01+HLA-B*35:01:01:02
1478-4316-3	HLA-C	HLA	IMGT/HLA	3.17.0	HLA-C*03:03:01+HLA-C*04:03:01
1478-4316-3	HLA-DQB1	HLA	IMGT/HLA	3.17.0	HLA-DQB1*03:01:01+HLA-DQB1*03:01:01
1478-4316-3	HLA-DRB1	HLA	IMGT/HLA	3.17.0	HLA-DRB1*12:02:01+HLA-DRB1*14:03:01
1478-9360-6	HLA-A	HLA	IMGT/HLA	3.17.0	HLA-A*03:01:01:01+HLA-A*31:04
1478-9360-6	HLA-C	HLA	IMGT/HLA	3.17.0	HLA-C*07:02:01:03+HLA-C*12:03:01:01
1478-9360-6	HLA-DQB1	HLA	IMGT/HLA	3.17.0	HLA-DQB1*03:01:01+HLA-DQB1*06:03:01
1478-9360-6	HLA-DRB1	HLA	IMGT/HLA	3.17.0	HLA-DRB1*11:01:02+HLA-DRB1*15:01:01:01
1478-9363-0	HLA-A	HLA	IMGT/HLA	3.17.0	HLA-A*23:01:01+HLA-A*23:01:01
1478-9363-0	HLA-B	HLA	IMGT/HLA	3.17.0	HLA-B*07:02:01+HLA-B*44:03:01
1478-9363-0	HLA-C	HLA	IMGT/HLA	3.17.0	HLA-C*04:01:01:01+HLA-C*07:02:01:01
1478-9363-0	HLA-DQB1	HLA	IMGT/HLA	3.17.0	HLA-DQB1*02:02:01+HLA-DQB1*06:02:01
1478-9363-0	HLA-DRB1	HLA	IMGT/HLA	3.17.0	HLA-DRB1*09:01:02G+HLA-DRB1*15:03:01
1480-2711-3	HLA-A	HLA	IMGT/HLA	3.17.0	HLA-A*02:01:01:01+HLA-A*30:01:01
1480-2711-3	HLA-B	HLA	IMGT/HLA	3.17.0	HLA-B*13:02:01+HLA-B*44:03:01
1480-2711-3	HLA-C	HLA	IMGT/HLA	3.17.0	HLA-C*06:02:01:01+HLA-C*16:01:01
1480-2711-3	HLA-DQB1	HLA	IMGT/HLA	3.17.0	HLA-DQB1*02:02:01+HLA-DQB1*03:02:01
1480-2711-3	HLA-DRB1	HLA	IMGT/HLA	3.17.0	HLA-DRB1*04:01:01+HLA-DRB1*07:01:01
1482-2909-9	HLA-A	HLA	IMGT/HLA	3.17.0	HLA-A*01:01:01:01+HLA-A*24:02:01:01
1482-2909-9	HLA-B	HLA	IMGT/HLA	3.17.0	HLA-B*08:01:01+HLA-B*38:02:01
1482-2909-9	HLA-C	HLA	IMGT/HLA	3.17.0	HLA-C*07:01:01:01+HLA-C*07:02:01:01
1482-2909-9	HLA-DQB1	HLA	IMGT/HLA	3.17.0	HLA-DQB1*05:02:01+HLA-DQB1*06:02:01
1482-2909-9	HLA-DRB1	HLA	IMGT/HLA	3.17.0	HLA-DRB1*15:01:01+HLA-DRB1*15:02:01
1668-2295-7	HLA-A	HLA	IMGT/HLA	3.17.0	HLA-A*01:01:01:01+HLA-A*26:01:01
1668-2295-7	HLA-B	HLA	IMGT/HLA	3.17.0	HLA-B*57:01:01+HLA-B*57:01:01
1668-2295-7	HLA-C	HLA	IMGT/HLA	3.17.0	HLA-C*06:02:01:01+HLA-C*06:02:01:01
1668-2295-7	HLA-DQB1	HLA	IMGT/HLA	3.17.0	HLA-DQB1*03:02:01+HLA-DQB1*03:03:02:01
1668-2295-7	HLA-DRB1	HLA	IMGT/HLA	3.17.0	HLA-DRB1*04:01:01+HLA-DRB1*07:01:01
1668-5243-4	HLA-A	HLA	IMGT/HLA	3.17.0	HLA-A*02:06:01+HLA-A*69:01
1668-5243-4	HLA-B	HLA	IMGT/HLA	3.17.0	HLA-B*51:01:01+HLA-B*55:01:01
1668-5243-4	HLA-C	HLA	IMGT/HLA	3.17.0	HLA-C*01:02:01+HLA-C*15:02:01
1668-5243-4	HLA-DQB1	HLA	IMGT/HLA	3.17.0	HLA-DQB1*03:01:01:01+HLA-DQB1*04:02:01
1668-5243-4	HLA-DRB1	HLA	IMGT/HLA	3.17.0	HLA-DRB1*08:02:01+HLA-DRB1*11:01:01
1668-5460-4	HLA-A	HLA	IMGT/HLA	3.17.0	HLA-A*11:01:01+HLA-A*30:02:01
1668-5460-4	HLA-B	HLA	IMGT/HLA	3.17.0	HLA-B*13:02:01+HLA-B*18:01:01
1668-5460-4	HLA-C	HLA	IMGT/HLA	3.17.0	HLA-C*05:01:01:01+HLA-C*06:02:01:01
1668-5460-4	HLA-DQB1	HLA	IMGT/HLA	3.17.0	HLA-DQB1*02:01:01+HLA-DQB1*02:02:01
1668-5460-4	HLA-DRB1	HLA	IMGT/HLA	3.17.0	HLA-DRB1*03:01:01:02+HLA-DRB1*07:01:01
1712-8364-1	HLA-A	HLA	IMGT/HLA	3.17.0	HLA-A*24:02:01:01+HLA-A*24:02:01:01
1712-8364-1	HLA-B	HLA	IMGT/HLA	3.17.0	HLA-B*35:01:01:02+HLA-B*40:05
1712-8364-1	HLA-C	HLA	IMGT/HLA	3.17.0	HLA-C*03:03:01+HLA-C*03:04:01:02
1712-8364-1	HLA-DQB1	HLA	IMGT/HLA	3.17.0	HLA-DQB1*03:02:01+HLA-DQB1*06:02:01
1712-8364-1	HLA-DRB1	HLA	IMGT/HLA	3.17.0	HLA-DRB1*04:04:01+HLA-DRB1*15:01:01
1713-7576-9	HLA-A	HLA	IMGT/HLA	3.17.0	HLA-A*01:01:01:01+HLA-A*02:01:01:01
1713-7576-9	HLA-B	HLA	IMGT/HLA	3.17.0	HLA-B*08:01:01+HLA-B*15:01:01:01
1713-7576-9	HLA-C	HLA	IMGT/HLA	3.17.0	HLA-C*03:03:01+HLA-C*07:01:01:01
1713-7576-9	HLA-DQB1	HLA	IMGT/HLA	3.17.0	HLA-DQB1*02:01:01+HLA-DQB1*03:02:01
1713-7576-9	HLA-DRB1	HLA	IMGT/HLA	3.17.0	HLA-DRB1*03:01:01:01+HLA-DRB1*04:03:01
1714-2450-0	HLA-A	HLA	IMGT/HLA	3.17.0	HLA-A*33:03:01+HLA-A*33:03:01
1714-2450-0	HLA-B	HLA	IMGT/HLA	3.17.0	HLA-B*40:06:01+HLA-B*44:03:02
1714-2450-0	HLA-C	HLA	IMGT/HLA	3.17.0	HLA-C*01:02:01+HLA-C*07:06
1714-2450-0	HLA-DQB1	HLA	IMGT/HLA	3.17.0	HLA-DQB1*02:02:01+HLA-DQB1*03:03:02
1714-2450-0	HLA-DRB1	HLA	IMGT/HLA	3.17.0	HLA-DRB1*07:01:01+HLA-DRB1*09:01:02G
1714-4890-5	HLA-A	HLA	IMGT/HLA	3.17.0	HLA-A*02:02+HLA-A*33:03:01
1714-4890-5	HLA-B	HLA	IMGT/HLA	3.17.0	HLA-B*18:01:01:01+HLA-B*53:01:01
1714-4890-5	HLA-C	HLA	IMGT/HLA	3.17.0	HLA-C*04:01:01:01+HLA-C*05:01:01:02
1714-4890-5	HLA-DQB1	HLA	IMGT/HLA	3.17.0	HLA-DQB1*03:01:01+HLA-DQB1*03:19
1714-4890-5	HLA-DRB1	HLA	IMGT/HLA	3.17.0	HLA-DRB1*08:04:01+HLA-DRB1*13:01:01
1714-4896-2	HLA-A	HLA	IMGT/HLA	3.17.0	HLA-A*24:02:01:01+HLA-A*68:03:01
1714-4896-2	HLA-B	HLA	IMGT/HLA	3.17.0	HLA-B*35:43:01+HLA-B*40:02:01
1714-4896-2	HLA-C	HLA	IMGT/HLA	3.17.0	HLA-C*01:02:01+HLA-C*03:05
1714-4896-2	HLA-DQB1	HLA	IMGT/HLA	3.17.0	HLA-DQB1*03:02:01+HLA-DQB1*03:04:01
1714-4896-2	HLA-DRB1	HLA	IMGT/HLA	3.17.0	HLA-DRB1*04:07:01G+HLA-DRB1*14:02:01
1714-8141-9	HLA-C	HLA	IMGT/HLA	3.17.0	HLA-C*07:02:01:01+HLA-C*08:02:01:01
1714-8141-9	HLA-DQB1	HLA	IMGT/HLA	3.17.0	HLA-DQB1*03:02:01+HLA-DQB1*06:04:01
1714-8141-9	HLA-DRB1	HLA	IMGT/HLA	3.17.0	HLA-DRB1*04:11:01+HLA-DRB1*13:02:01
1714-8800-0	HLA-A	HLA	IMGT/HLA	3.17.0	HLA-A*68:02:01:01+HLA-A*69:01
1714-8800-0	HLA-B	HLA	IMGT/HLA	3.17.0	HLA-B*15:01:01:01+HLA-B*57:03:01
1714-8800-0	HLA-C	HLA	IMGT/HLA	3.17.0	HLA-C*07:01:02+HLA-C*07:04:01
1714-8800-0	HLA-DQB1	HLA	IMGT/HLA	3.17.0	HLA-DQB1*04:02:01+HLA-DQB1*06:04:01
1714-8800-0	HLA-DRB1	HLA	IMGT/HLA	3.17.0	HLA-DRB1*03:02:01+HLA-DRB1*13:02:01
1715-1980-4	HLA-A	HLA	IMGT/HLA	3.17.0	HLA-A*01:01:01:01+HLA-A*68:01:01:02
1715-1980-4	HLA-B	HLA	IMGT/HLA	3.17.0	HLA-B*08:01:01+HLA-B*51:01:01
1715-1980-4	HLA-C	HLA	IMGT/HLA	3.17.0	HLA-C*07:01:01:01+HLA-C*15:02:01
1715-1980-4	HLA-DQB1	HLA	IMGT/HLA	3.17.0	HLA-DQB1*03:01:01+HLA-DQB1*03:01:01
1715-1980-4	HLA-DRB1	HLA	IMGT/HLA	3.17.0	HLA-DRB1*11:01:01+HLA-DRB1*11:02:01
1716-4104-6	HLA-A	HLA	IMGT/HLA	3.17.0	HLA-A*02:01:01+HLA-A*68:01:01:02
1716-4104-6	HLA-B	HLA	IMGT/HLA	3.17.0	HLA-B*35:08:01+HLA-B*40:02:01
1716-4104-6	HLA-C	HLA	IMGT/HLA	3.17.0	HLA-C*03:05+HLA-C*04:01:01:01
1716-4104-6	HLA-DQB1	HLA	IMGT/HLA	3.17.0	HLA-DQB1*02:02:01+HLA-DQB1*03:02:01
1716-4104-6	HLA-DRB1	HLA	IMGT/HLA	3.17.0	HLA-DRB1*04:07:01G+HLA-DRB1*07:01:01
1716-4184-8	HLA-A	HLA	IMGT/HLA	3.17.0	HLA-A*11:01:01+HLA-A*24:02:01:01
1716-4184-8	HLA-B	HLA	IMGT/HLA	3.17.0	HLA-B*18:01:01:02+HLA-B*35:03:01
1716-4184-8	HLA-C	HLA	IMGT/HLA	3.17.0	HLA-C*04:01:01:01+HLA-C*07:01:01:01
1716-4184-8	HLA-DQB1	HLA	IMGT/HLA	3.17.0	HLA-DQB1*03:02:01+HLA-DQB1*06:01:01
1716-4184-8	HLA-DRB1	HLA	IMGT/HLA	3.17.0	HLA-DRB1*04:03:01+HLA-DRB1*15:01:01
1716-4399-2	HLA-A	HLA	IMGT/HLA	3.17.0	HLA-A*30:01:01+HLA-A*31:01:02
1716-4399-2	HLA-B	HLA	IMGT/HLA	3.17.0	HLA-B*15:01:01:01+HLA-B*58:01:01
1716-4399-2	HLA-C	HLA	IMGT/HLA	3.17.0	HLA-C*03:03:01+HLA-C*07:18
1716-4399-2	HLA-DQB1	HLA	IMGT/HLA	3.17.0	HLA-DQB1*05:01:01:01+HLA-DQB1*06:02:01
1716-4399-2	HLA-DRB1	HLA	IMGT/HLA	3.17.0	HLA-DRB1*01:02:01+HLA-DRB1*15:01:01
1716-4751-4	HLA-A	HLA	IMGT/HLA	3.17.0	HLA-A*01:01:01:01+HLA-A*24:02:01:01
1716-4751-4	HLA-B	HLA	IMGT/HLA	3.17.0	HLA-B*15:01:01:01+HLA-B*44:03:01
1716-4751-4	HLA-C	HLA	IMGT/HLA	3.17.0	HLA-C*03:03:01+HLA-C*16:01:01
1716-4751-4	HLA-DQB1	HLA	IMGT/HLA	3.17.0	HLA-DQB1*05:01:01:02+HLA-DQB1*05:01:01:02
1716-4751-4	HLA-DRB1	HLA	IMGT/HLA	3.17.0	HLA-DRB1*01:01:01+HLA-DRB1*01:03
1717-1740-8	HLA-A	HLA	IMGT/HLA	3.17.0	HLA-A*02:01:01:01+HLA-A*68:02:01:01
1717-1740-8	HLA-C	HLA	IMGT/HLA	3.17.0	HLA-C*05:01:01:02+HLA-C*12:03:01:01
1717-1740-8	HLA-DQB1	HLA	IMGT/HLA	3.17.0	HLA-DQB1*03:01:01:01+HLA-DQB1*05:02:01
1717-1740-8	HLA-DRB1	HLA	IMGT/HLA	3.17.0	HLA-DRB1*04:01:01+HLA-DRB1*11:01:02
1718-5768-3	HLA-A	HLA	IMGT/HLA	3.17.0	HLA-A*29:02:01:01+HLA-A*32:01:01
1718-5768-3	HLA-B	HLA	IMGT/HLA	3.17.0	HLA-B*35:16+HLA-B*44:03:01
1718-5768-3	HLA-C	HLA	IMGT/HLA	3.17.0	HLA-C*04:01:01:01+HLA-C*16:01:01
1718-5768-3	HLA-DQB1	HLA	IMGT/HLA	3.17.0	HLA-DQB1*02:02:01+HLA-DQB1*03:01:01:01
1718-5768-3	HLA-DRB1	HLA	IMGT/HLA	3.17.0	HLA-DRB1*07:01:01+HLA-DRB1*14:06:01
1721-1824-2	HLA-A	HLA	IMGT/HLA	3.17.0	HLA-A*11:01:01+HLA-A*29:01:01:01
1721-1824-2	HLA-B	HLA	IMGT/HLA	3.17.0	HLA-B*07:05:01+HLA-B*48:03:01
1721-1824-2	HLA-C	HLA	IMGT/HLA	3.17.0	HLA-C*08:01:01+HLA-C*15:05:02
1721-1824-2	HLA-DQB1	HLA	IMGT/HLA	3.17.0	HLA-DQB1*03:01:01+HLA-DQB1*05:01:01:02
1721-1824-2	HLA-DRB1	HLA	IMGT/HLA	3.17.0	HLA-DRB1*10:01:01+HLA-DRB1*11:01:01
